<?xml version="1.0" encoding="UTF-8"?>
<testsuites name="jest tests" tests="1" failures="0" errors="0" time="0.804">
  <testsuite name="undefined" errors="0" failures="0" skipped="0" timestamp="2024-09-20T14:34:43" time="0.459" tests="1">
    <testcase classname=" renders correctly" name=" renders correctly" time="0.094">
    </testcase>
  </testsuite>
</testsuites>